
> eazy-talks-backend@1.0.0 test
> tsx --test src/config/service-role.test.ts src/bootstrap/service-role.boot.contract.test.ts src/modules/payment/commission-resolve.service.test.ts src/modules/billing/staff-revenue-share.test.ts src/modules/billing/staff-wallet-commission.test.ts src/modules/admin/admin-creator-avatar-commit.contract.test.ts src/modules/billing/billing.queue.contract.test.ts src/modules/billing/billing.flush.contract.test.ts src/modules/billing/billing.idempotency.contract.test.ts src/modules/billing/billing-session-finalization.contract.test.ts src/modules/billing/billing-lifecycle.machine.test.ts src/modules/billing/billing-recovery.contract.test.ts src/modules/availability/presence-disconnect.contract.test.ts src/modules/video/video.webhook.routes.contract.test.ts src/modules/video/creator-availability.contract.test.ts src/modules/availability/presence-single-writer.contract.test.ts src/modules/creator/creator-promotion-ledger.contract.test.ts src/modules/creator/creator-feed.contract.test.ts src/modules/creator/creator-by-uid.contract.test.ts src/modules/admin/creator-transfer.contract.test.ts src/modules/admin/admin-dashboard.contract.test.ts src/modules/admin/admin-agency.contract.test.ts src/modules/payment/payment.webhook.contract.test.ts src/middlewares/webhook-signature.contract.test.ts src/modules/agency/agency.withdrawals.contract.test.ts src/modules/agency/agency.password.contract.test.ts src/scripts/hierarchy-swap.migration.contract.test.ts src/scripts/hierarchy-invalidation-shim.contract.test.ts src/scripts/hierarchy-verify.contract.test.ts src/modules/creator/creator.withdrawal.contract.test.ts src/modules/availability/creator-daily-online.service.test.ts src/modules/creator/creator-tasks.config.test.ts src/modules/creator/creator-earnings-stats.test.ts src/modules/creator/staff-gallery-payload.test.ts src/modules/user/onboarding-transition.service.test.ts src/modules/user/user.onboarding-permissions.contract.test.ts src/modules/images/__tests__/serialization.snapshot.test.ts src/modules/images/__tests__/contract.snapshot.test.ts src/modules/metrics/__tests__/image-render-metrics.contract.test.ts src/modules/metrics/__tests__/video-playback-metrics.contract.test.ts src/modules/moments/services/__tests__/feed-fanout.order.test.ts src/modules/moments/services/__tests__/feed-fanout.queue.test.ts src/modules/availability/creator-active-call-slot.behavior.test.ts src/modules/billing/billing-reconciliation.behavior.test.ts src/modules/billing/billing-rest-access.contract.test.ts src/server.signed-webhook.contract.test.ts src/modules/moments/moments.gateway.contract.test.ts src/modules/availability/presence-lookup-access.contract.test.ts src/utils/distributed-lock.contract.test.ts src/modules/billing/billing-watchdog.lock.contract.test.ts src/modules/availability/presence-socket-registry.behavior.test.ts src/modules/availability/presence-socket-registry.contract.test.ts src/modules/availability/presence-registry-multinode.behavior.test.ts

TAP version 13
# Subtest: server.ts gates workloads by SERVICE_ROLE bootstrap modules
ok 1 - server.ts gates workloads by SERVICE_ROLE bootstrap modules
  ---
  duration_ms: 2.1471
  ...
# Subtest: api-ws bootstrap excludes BullMQ and reconciliation workers
ok 2 - api-ws bootstrap excludes BullMQ and reconciliation workers
  ---
  duration_ms: 8.2537
  ...
# Subtest: billing-worker bootstrap owns BullMQ and reconciliation loops
ok 3 - billing-worker bootstrap owns BullMQ and reconciliation loops
  ---
  duration_ms: 12.6593
  ...
# Subtest: billing queue respects api-ws role and zero concurrency
ok 4 - billing queue respects api-ws role and zero concurrency
  ---
  duration_ms: 11.9591
  ...
# Subtest: billing-worker uses headless Socket.IO for cross-node emits
ok 5 - billing-worker uses headless Socket.IO for cross-node emits
  ---
  duration_ms: 29.2333
  ...
# 22:42:10.124 [[32minfo[39m]: [32mLogger initialized[39m
# {
#   "environment": "development",
#   "logLevel": "debug",
#   "fileLogging": true,
#   "transports": [
#     "DailyRotateFile",
#     "DailyRotateFile",
#     "Console"
#   ]
# }
# 22:42:10.134 [[32minfo[39m]: [32mService role resolved[39m
# {
#   "serviceRole": "monolith",
#   "ecsTask": false,
#   "configuredVia": "default"
# }
# 22:42:10.136 [[32minfo[39m]: [32mService role resolved[39m
# {
#   "serviceRole": "api-ws",
#   "ecsTask": false,
#   "configuredVia": "SERVICE_ROLE"
# }
# 22:42:10.137 [[32minfo[39m]: [32mService role resolved[39m
# {
#   "serviceRole": "billing-worker",
#   "ecsTask": false,
#   "configuredVia": "ECS_SERVICE_ROLE"
# }
# 22:42:10.138 [[32minfo[39m]: [32mService role resolved[39m
# {
#   "serviceRole": "api-ws",
#   "ecsTask": false,
#   "configuredVia": "SERVICE_ROLE"
# }
# 22:42:10.140 [[32minfo[39m]: [32mService role resolved[39m
# {
#   "serviceRole": "billing-worker",
#   "ecsTask": false,
#   "configuredVia": "SERVICE_ROLE"
# }
# 22:42:10.141 [[32minfo[39m]: [32mService role resolved[39m
# {
#   "serviceRole": "moments-worker",
#   "ecsTask": false,
#   "configuredVia": "SERVICE_ROLE"
# }
# 22:42:10.141 [[32minfo[39m]: [32mService role resolved[39m
# {
#   "serviceRole": "image-worker",
#   "ecsTask": false,
#   "configuredVia": "SERVICE_ROLE"
# }
# 22:42:10.146 [[32minfo[39m]: [32mService role resolved[39m
# {
#   "serviceRole": "monolith",
#   "ecsTask": false,
#   "configuredVia": "SERVICE_ROLE"
# }
# 22:42:10.147 [[32minfo[39m]: [32mService role resolved[39m
# {
#   "serviceRole": "monolith",
#   "ecsTask": false,
#   "configuredVia": "default"
# }
# Subtest: defaults to monolith when SERVICE_ROLE is unset in non-production
ok 6 - defaults to monolith when SERVICE_ROLE is unset in non-production
  ---
  duration_ms: 2.2258
  ...
# Subtest: SERVICE_ROLE=api-ws disables background worker tiers
ok 7 - SERVICE_ROLE=api-ws disables background worker tiers
  ---
  duration_ms: 1.1048
  ...
# Subtest: ECS_SERVICE_ROLE remains supported as legacy alias
ok 8 - ECS_SERVICE_ROLE remains supported as legacy alias
  ---
  duration_ms: 0.919
  ...
# Subtest: SERVICE_ROLE takes precedence over ECS_SERVICE_ROLE when equal
ok 9 - SERVICE_ROLE takes precedence over ECS_SERVICE_ROLE when equal
  ---
  duration_ms: 1.0475
  ...
# Subtest: rejects conflicting SERVICE_ROLE and ECS_SERVICE_ROLE
ok 10 - rejects conflicting SERVICE_ROLE and ECS_SERVICE_ROLE
  ---
  duration_ms: 0.9177
  ...
# Subtest: billing-worker role enables billing only
ok 11 - billing-worker role enables billing only
  ---
  duration_ms: 0.9272
  ...
# Subtest: moments-worker and image-worker roles are isolated
ok 12 - moments-worker and image-worker roles are isolated
  ---
  duration_ms: 1.3104
  ...
# Subtest: rejects unknown SERVICE_ROLE
ok 13 - rejects unknown SERVICE_ROLE
  ---
  duration_ms: 1.3393
  ...
# Subtest: requires SERVICE_ROLE in production
ok 14 - requires SERVICE_ROLE in production
  ---
  duration_ms: 0.8568
  ...
# Subtest: requires split role on ECS tasks in production
ok 15 - requires split role on ECS tasks in production
  ---
  duration_ms: 1.0053
  ...
# Subtest: allows explicit monolith in production off ECS
ok 16 - allows explicit monolith in production off ECS
  ---
  duration_ms: 1.3939
  ...
# Subtest: BILLING_BULLMQ_CONCURRENCY=0 is documented in billing queue gating
ok 17 - BILLING_BULLMQ_CONCURRENCY=0 is documented in billing queue gating
  ---
  duration_ms: 1.074
  ...
# 22:42:10.351 [[32minfo[39m]: [32mLogger initialized[39m
# {
#   "environment": "development",
#   "logLevel": "debug",
#   "fileLogging": true,
#   "transports": [
#     "DailyRotateFile",
#     "DailyRotateFile",
#     "Console"
#   ]
# }
# 22:42:10.455 [[33mwarn[39m]: [33mMissing chat webhook signature rejected (set ALLOW_INSECURE_WEBHOOKS=true to bypass)[39m
# {
#   "path": "/api/v1/chat/webhook"
# }
# 22:42:10.457 [[33mwarn[39m]: [33mMissing chat webhook signature allowed by ALLOW_INSECURE_WEBHOOKS=true[39m
# {
#   "path": "/api/v1/chat/webhook"
# }
# Subtest: chat webhook rejects missing signature by default in non-production
ok 18 - chat webhook rejects missing signature by default in non-production
  ---
  duration_ms: 2.5113
  ...
# Subtest: chat webhook allows missing signature only with explicit override
ok 19 - chat webhook allows missing signature only with explicit override
  ---
  duration_ms: 0.8085
  ...
# Subtest: razorpay webhook rejects request without signature
ok 20 - razorpay webhook rejects request without signature
  ---
  duration_ms: 0.4025
  ...
# Subtest: admin routes must wire DELETE /bds/:id to deleteBd
ok 21 - admin routes must wire DELETE /bds/:id to deleteBd
  ---
  duration_ms: 16.4424
  ...
# Subtest: deleteBd must enforce guards and deleted identities
ok 22 - deleteBd must enforce guards and deleted identities
  ---
  duration_ms: 15.2564
  ...
# Subtest: createAgency must block deleted identities
ok 23 - createAgency must block deleted identities
  ---
  duration_ms: 15.764
  ...
# Subtest: assertAgency must reject when parent BD row is missing or not bd role
ok 24 - assertAgency must reject when parent BD row is missing or not bd role
  ---
  duration_ms: 6.6893
  ...
# Subtest: agencyLogin must block when parent BD missing or disabled
ok 25 - agencyLogin must block when parent BD missing or disabled
  ---
  duration_ms: 22.5123
  ...
# Subtest: createBdAgency must check deleted email status
ok 26 - createBdAgency must check deleted email status
  ---
  duration_ms: 20.001
  ...
# Subtest: createAgency (admin) must check deleted email status
ok 27 - createAgency (admin) must check deleted email status
  ---
  duration_ms: 0.4711
  ...
# Subtest: admin-agency queries must spread AGENCY_ROLE_QUERY, not nest under role
ok 28 - admin-agency queries must spread AGENCY_ROLE_QUERY, not nest under role
  ---
  duration_ms: 0.5324
  ...
# Subtest: bd-portal agency queries must spread AGENCY_ROLE_QUERY
not ok 29 - bd-portal agency queries must spread AGENCY_ROLE_QUERY
  ---
  duration_ms: 2.3544
  location: 'D:\\zztherapy\\backend\\src\\modules\\admin\\admin-agency.contract.test.ts:2:4819'
  failureType: 'testCodeFailure'
  error: 'must not use role: AGENCY_ROLE_QUERY'
  code: 'ERR_ASSERTION'
  name: 'AssertionError'
  expected: true
  actual: false
  operator: '=='
  stack: |-
    TestContext.<anonymous> (D:\zztherapy\backend\src\modules\admin\admin-agency.contract.test.ts:80:10)
    Test.runInAsyncScope (node:async_hooks:206:9)
    Test.run (node:internal/test_runner/test:796:25)
    Test.processPendingSubtests (node:internal/test_runner/test:526:18)
    Test.postRun (node:internal/test_runner/test:889:19)
    Test.run (node:internal/test_runner/test:835:12)
    async Test.processPendingSubtests (node:internal/test_runner/test:526:7)
  ...
# Subtest: admin routes register POST /creators/:id/avatar/commit
ok 30 - admin routes register POST /creators/:id/avatar/commit
  ---
  duration_ms: 1.2362
  ...
# Subtest: adminCreatorAvatarCommit checks IMAGES_DISABLED before session validation
ok 31 - adminCreatorAvatarCommit checks IMAGES_DISABLED before session validation
  ---
  duration_ms: 13.9289
  ...
# Subtest: admin routes expose dashboard BFF endpoints
ok 32 - admin routes expose dashboard BFF endpoints
  ---
  duration_ms: 1.384
  ...
# Subtest: admin-dashboard.controller exports handlers
ok 33 - admin-dashboard.controller exports handlers
  ---
  duration_ms: 8.1378
  ...
# Subtest: dashboard service keeps leaderboard numeric contract
ok 34 - dashboard service keeps leaderboard numeric contract
  ---
  duration_ms: 16.156
  ...
# Subtest: admin date range parser reports invalid reasons
ok 35 - admin date range parser reports invalid reasons
  ---
  duration_ms: 17.8862
  ...
# Subtest: admin routes must expose creator transfer endpoint
ok 36 - admin routes must expose creator transfer endpoint
  ---
  duration_ms: 1.4066
  ...
# Subtest: admin controller must enforce admin and write audit log
ok 37 - admin controller must enforce admin and write audit log
  ---
  duration_ms: 1.0395
  ...
# Subtest: transfer service must update assignment + referral attribution + pending withdrawals
ok 38 - transfer service must update assignment + referral attribution + pending withdrawals
  ---
  duration_ms: 14.6896
  ...
# Subtest: staff password helper normalizes portal passwords
ok 39 - staff password helper normalizes portal passwords
  ---
  duration_ms: 1.2461
  ...
# Subtest: agency login compares password across all staff candidates
ok 40 - agency login compares password across all staff candidates
  ---
  duration_ms: 0.3667
  ...
# Subtest: changeAgencyPassword uses 400 for incorrect current password
ok 41 - changeAgencyPassword uses 400 for incorrect current password
  ---
  duration_ms: 15.4448
  ...
# Subtest: agent withdrawals endpoint exposes full payout details contract
not ok 42 - agent withdrawals endpoint exposes full payout details contract
  ---
  duration_ms: 1.0647
  location: 'D:\\zztherapy\\backend\\src\\modules\\agency\\agency.withdrawals.contract.test.ts:2:966'
  failureType: 'testCodeFailure'
  error: "ENOENT: no such file or directory, open 'D:\\zztherapy\\backend\\src\\modules\\agency\\agent.controller.ts'"
  code: 'ENOENT'
  stack: |-
    readFileSync (node:fs:449:20)
    TestContext.<anonymous> (D:\zztherapy\backend\src\modules\agency\agency.withdrawals.contract.test.ts:7:15)
    Test.runInAsyncScope (node:async_hooks:206:9)
    Test.run (node:internal/test_runner/test:796:25)
    Test.processPendingSubtests (node:internal/test_runner/test:526:18)
    node:internal/test_runner/harness:255:12
    node:internal/process/task_queues:140:7
    AsyncResource.runInAsyncScope (node:async_hooks:206:9)
    AsyncResource.runMicrotask (node:internal/process/task_queues:137:8)
  ...
# Subtest: agent withdrawals query uses bounded pagination and batched hydration
not ok 43 - agent withdrawals query uses bounded pagination and batched hydration
  ---
  duration_ms: 0.2402
  location: 'D:\\zztherapy\\backend\\src\\modules\\agency\\agency.withdrawals.contract.test.ts:2:1573'
  failureType: 'testCodeFailure'
  error: "ENOENT: no such file or directory, open 'D:\\zztherapy\\backend\\src\\modules\\agency\\agent.controller.ts'"
  code: 'ENOENT'
  stack: |-
    readFileSync (node:fs:449:20)
    TestContext.<anonymous> (D:\zztherapy\backend\src\modules\agency\agency.withdrawals.contract.test.ts:17:15)
    Test.runInAsyncScope (node:async_hooks:206:9)
    Test.run (node:internal/test_runner/test:796:25)
    Test.processPendingSubtests (node:internal/test_runner/test:526:18)
    Test.postRun (node:internal/test_runner/test:889:19)
    Test.run (node:internal/test_runner/test:835:12)
    async Test.processPendingSubtests (node:internal/test_runner/test:526:7)
  ...
# Subtest: agent withdrawals include visibility metrics logging
not ok 44 - agent withdrawals include visibility metrics logging
  ---
  duration_ms: 0.2752
  location: 'D:\\zztherapy\\backend\\src\\modules\\agency\\agency.withdrawals.contract.test.ts:2:2076'
  failureType: 'testCodeFailure'
  error: "ENOENT: no such file or directory, open 'D:\\zztherapy\\backend\\src\\modules\\agency\\agent.controller.ts'"
  code: 'ENOENT'
  stack: |-
    readFileSync (node:fs:449:20)
    TestContext.<anonymous> (D:\zztherapy\backend\src\modules\agency\agency.withdrawals.contract.test.ts:24:15)
    Test.runInAsyncScope (node:async_hooks:206:9)
    Test.run (node:internal/test_runner/test:796:25)
    Test.processPendingSubtests (node:internal/test_runner/test:526:18)
    Test.postRun (node:internal/test_runner/test:889:19)
    Test.run (node:internal/test_runner/test:835:12)
    async Test.processPendingSubtests (node:internal/test_runner/test:526:7)
  ...
# 22:42:12.073 [[32minfo[39m]: [32mLogger initialized[39m
# {
#   "environment": "development",
#   "logLevel": "debug",
#   "fileLogging": true,
#   "transports": [
#     "DailyRotateFile",
#     "DailyRotateFile",
#     "Console"
#   ]
# }
# 22:42:12.581 [[32minfo[39m]: [32mCleared stale creator active call slot[39m
# {
#   "creatorFirebaseUid": "creator-stale-slot",
#   "slotCallId": "call-ended-hours-ago",
#   "endingCallId": null,
#   "source": "test.stale_slot"
# }
# Subtest: behavioral: read path clears orphan active-call slot so creator is not stuck on_call
ok 45 - behavioral: read path clears orphan active-call slot so creator is not stuck on_call
  ---
  duration_ms: 4.3286
  ...
# (node:32952) [MONGOOSE] Warning: Duplicate schema index on {"referredBy":1} found. This is often due to declaring an index using both "index: true" and "schema.index()". Please remove the duplicate index definition.
# (Use `node --trace-warnings ...` to show where the warning was created)
# (node:32952) [MONGOOSE] Warning: Duplicate schema index on {"deviceFingerprint":1} found. This is often due to declaring an index using both "index: true" and "schema.index()". Please remove the duplicate index definition.
# (node:32952) [MONGOOSE] Warning: Duplicate schema index on {"installId":1} found. This is often due to declaring an index using both "index: true" and "schema.index()". Please remove the duplicate index definition.
# 22:42:22.607 [[32minfo[39m]: [32mCleared creator active call slot (forced)[39m
# {
#   "creatorFirebaseUid": "creator-force-offline",
#   "slotCallId": "call-stale-1",
#   "source": "test.force_offline"
# }
# 22:42:32.609 [[33mwarn[39m]: [33mFailed to emit dashboard invalidation[39m
# {
#   "room": "staff:admin",
#   "type": "creator:status_changed",
#   "error": {}
# }
# 22:42:32.610 [[34mdebug[39m]: [34mcreator_presence_transition_eval[39m
# {
#   "firebaseUid": "creator-force-offline",
#   "eventType": "FORCE_OFFLINE",
#   "source": "test.force_offline",
#   "activeCallExists": false,
#   "derivedState": "offline",
#   "version": 1781025142607
# }
# 22:42:32.610 [[32minfo[39m]: [32mcreator_status_change[39m
# {
#   "firebaseUid": "creator-force-offline",
#   "from": "on_call",
#   "to": "offline",
#   "fromBase": "online",
#   "toBase": "offline",
#   "eventType": "FORCE_OFFLINE",
#   "source": "test.force_offline",
#   "redisEndpointMode": "unknown",
#   "version": 1781025142607,
#   "statusChanged": true,
#   "activeCallId": null,
#   "previousSource": "user_model.base_online.active_call"
# }
# 22:42:32.611 [[32minfo[39m]: [32mcreator_presence_transition[39m
# {
#   "firebaseUid": "creator-force-offline",
#   "eventType": "FORCE_OFFLINE",
#   "source": "test.force_offline",
#   "redisEndpointMode": "unknown",
#   "fromState": "on_call",
#   "toState": "offline",
#   "fromBase": "online",
#   "toBase": "offline",
#   "version": 1781025142607,
#   "statusChanged": true,
#   "activeCallId": null,
#   "previousSource": "user_model.base_online.active_call"
# }
# Subtest: behavioral: FORCE_OFFLINE transition clears active-call slot
ok 46 - behavioral: FORCE_OFFLINE transition clears active-call slot
  ---
  duration_ms: 20028.1897
  ...
# Subtest: behavioral: active-call slot is live when slot owner matches payer (userFirebaseUid)
ok 47 - behavioral: active-call slot is live when slot owner matches payer (userFirebaseUid)
  ---
  duration_ms: 1.0289
  ...
# Subtest: behavioral: active-call slot is live when slot owner matches creator (creatorFirebaseUid)
ok 48 - behavioral: active-call slot is live when slot owner matches creator (creatorFirebaseUid)
  ---
  duration_ms: 0.3995
  ...
# Subtest: behavioral: active-call slot is not live when slot owner matches neither party
ok 49 - behavioral: active-call slot is not live when slot owner matches neither party
  ---
  duration_ms: 0.3437
  ...
# Subtest: behavioral: stale-only clear leaves live call slot intact
ok 50 - behavioral: stale-only clear leaves live call slot intact
  ---
  duration_ms: 0.4125
  ...
# Subtest: behavioral: active-call slot is not live when terminal marker exists
ok 51 - behavioral: active-call slot is not live when terminal marker exists
  ---
  duration_ms: 0.3976
  ...
